B916      36.1925 -117.6685    0.0000    0.0000       0       0    1681    1624    0.0000    0.1315   1
B917      35.4053 -117.2588    0.0000    0.0000       0       0    3720    3628    0.0000    0.1208   1
B918      35.9357 -117.6017    0.0000    0.0000       0       0    5468    5223    0.0000    0.1172   1
B921      35.5865 -117.4622    0.0000    0.0000       0       0    4581    4165    0.0000    0.1564   1
CCA       35.1525 -118.0165    0.0000    0.0000       0       0       5       7    0.0000    0.1744   1
CCC       35.5249 -117.3645    0.0000    0.0000       0       0    4565    4084    0.0000    0.1457   1
CLC       35.8157 -117.5975    0.0000    0.0000       0       0    4533    4112    0.0000    0.1404   1
DAW       36.2715 -117.5921    0.0000    0.0000       0       0       8       8    0.0000    0.2814   1
DTP       35.2674 -117.8458    0.0000    0.0000       0       0    1233    1142    0.0000    0.1679   1
JRC2      35.9825 -117.8089    0.0000    0.0000       0       0    3754    3420    0.0000    0.1562   1
LRL       35.4795 -117.6821    0.0000    0.0000       0       0    3853    3625    0.0000    0.1266   1
MPM       36.0580 -117.4890    0.0000    0.0000       0       0    4432    4052    0.0000    0.1383   1
QSM       35.9650 -116.8691    0.0000    0.0000       0       0      22      23    0.0000    0.1598   1
SLA       35.8909 -117.2833    0.0000    0.0000       0       0    1505    1388    0.0000    0.1304   1
SRT       35.6923 -117.7505    0.0000    0.0000       0       0    5983    5057    0.0000    0.1334   1
TOW2      35.8086 -117.7649    0.0000    0.0000       0       0    4444    4047    0.0000    0.1604   1
WBM       35.6084 -117.8905    0.0000    0.0000       0       0    5080    4843    0.0000    0.1238   1
WBS       35.5366 -118.1403    0.0000    0.0000       0       0    1332    1325    0.0000    0.1313   1
WCS2      36.0252 -117.7653    0.0000    0.0000       0       0     384     373    0.0000    0.1614   1
WHF       35.6951 -118.3518    0.0000    0.0000       0       0       6       5    0.0000    0.0401   1
WMF       36.1176 -117.8549    0.0000    0.0000       0       0     978     939    0.0000    0.1676   1
WOR       35.6956 -118.2425    0.0000    0.0000       0       0     465     461    0.0000    0.1578   1
WRC2      35.9479 -117.6504    0.0000    0.0000       0       0    5242    4760    0.0000    0.1389   1
